Release 14.7 - xst P.20131013 (nt64)
Copyright (c) 1995-2013 Xilinx, Inc.  All rights reserved.
--> Parameter TMPDIR set to xst/projnav.tmp


Total REAL time to Xst completion: 0.00 secs
Total CPU time to Xst completion: 0.35 secs
 
--> Parameter xsthdpdir set to xst


Total REAL time to Xst completion: 0.00 secs
Total CPU time to Xst completion: 0.36 secs
 
--> Reading design: top_processor.prj

TABLE OF CONTENTS
  1) Synthesis Options Summary
  2) HDL Compilation
  3) Design Hierarchy Analysis
  4) HDL Analysis
  5) HDL Synthesis
     5.1) HDL Synthesis Report
  6) Advanced HDL Synthesis
     6.1) Advanced HDL Synthesis Report
  7) Low Level Synthesis
  8) Partition Report
  9) Final Report
	9.1) Device utilization summary
	9.2) Partition Resource Summary
	9.3) TIMING REPORT


=========================================================================
*                      Synthesis Options Summary                        *
=========================================================================
---- Source Parameters
Input File Name                    : "top_processor.prj"
Input Format                       : mixed
Ignore Synthesis Constraint File   : NO

---- Target Parameters
Output File Name                   : "top_processor"
Output Format                      : NGC
Target Device                      : xc3s100e-4-cp132

---- Source Options
Top Module Name                    : top_processor
Automatic FSM Extraction           : YES
FSM Encoding Algorithm             : Auto
Safe Implementation                : No
FSM Style                          : LUT
RAM Extraction                     : Yes
RAM Style                          : Auto
ROM Extraction                     : Yes
Mux Style                          : Auto
Decoder Extraction                 : YES
Priority Encoder Extraction        : Yes
Shift Register Extraction          : YES
Logical Shifter Extraction         : YES
XOR Collapsing                     : YES
ROM Style                          : Auto
Mux Extraction                     : Yes
Resource Sharing                   : YES
Asynchronous To Synchronous        : NO
Multiplier Style                   : Auto
Automatic Register Balancing       : No

---- Target Options
Add IO Buffers                     : YES
Global Maximum Fanout              : 500
Add Generic Clock Buffer(BUFG)     : 24
Register Duplication               : YES
Slice Packing                      : YES
Optimize Instantiated Primitives   : NO
Use Clock Enable                   : Yes
Use Synchronous Set                : Yes
Use Synchronous Reset              : Yes
Pack IO Registers into IOBs        : Auto
Equivalent register Removal        : YES

---- General Options
Optimization Goal                  : Speed
Optimization Effort                : 1
Keep Hierarchy                     : No
Netlist Hierarchy                  : As_Optimized
RTL Output                         : Yes
Global Optimization                : AllClockNets
Read Cores                         : YES
Write Timing Constraints           : NO
Cross Clock Analysis               : NO
Hierarchy Separator                : /
Bus Delimiter                      : <>
Case Specifier                     : Maintain
Slice Utilization Ratio            : 100
BRAM Utilization Ratio             : 100
Verilog 2001                       : YES
Auto BRAM Packing                  : NO
Slice Utilization Ratio Delta      : 5

=========================================================================


=========================================================================
*                          HDL Compilation                              *
=========================================================================
Compiling vhdl file "C:/Users/gayan/Documents/FVR/CPU VHDL/Task3/common.vhd" in Library work.
Package <common> compiled.
Package body <common> compiled.
Compiling vhdl file "C:/Users/gayan/Documents/FVR/CPU VHDL/Task3/PC.vhd" in Library work.
Entity <PC> compiled.
Entity <PC> (Architecture <Behavioral>) compiled.
Compiling vhdl file "C:/Users/gayan/Documents/FVR/CPU VHDL/Task3/Registers.vhd" in Library work.
Entity <Registers> compiled.
Entity <Registers> (Architecture <Behavioral>) compiled.
Compiling vhdl file "C:/Users/gayan/Documents/FVR/CPU VHDL/Task3/ALU.vhd" in Library work.
Entity <ALU> compiled.
Entity <ALU> (Architecture <rtl>) compiled.
Compiling vhdl file "C:/Users/gayan/Documents/FVR/CPU VHDL/Task3/Instructions_ROM.vhd" in Library work.
Entity <Instructions_ROM> compiled.
Entity <Instructions_ROM> (Architecture <Behavioral>) compiled.
Compiling vhdl file "C:/Users/gayan/Documents/FVR/CPU VHDL/Task3/Controller.vhd" in Library work.
Entity <Controller> compiled.
Entity <Controller> (Architecture <Behavioral>) compiled.
Compiling vhdl file "C:/Users/gayan/Documents/FVR/CPU VHDL/Task3/Decoder.vhd" in Library work.
Entity <Decoder> compiled.
Entity <Decoder> (Architecture <Behavioral>) compiled.
Compiling vhdl file "C:/Users/gayan/Documents/FVR/CPU VHDL/Task3/top_processor.vhd" in Library work.
Entity <top_processor> compiled.
Entity <top_processor> (Architecture <rtl>) compiled.

=========================================================================
*                     Design Hierarchy Analysis                         *
=========================================================================
Analyzing hierarchy for entity <top_processor> in library <work> (architecture <rtl>).

Analyzing hierarchy for entity <PC> in library <work> (architecture <Behavioral>).

Analyzing hierarchy for entity <Registers> in library <work> (architecture <Behavioral>).

Analyzing hierarchy for entity <ALU> in library <work> (architecture <rtl>).

Analyzing hierarchy for entity <Instructions_ROM> in library <work> (architecture <Behavioral>).

Analyzing hierarchy for entity <Controller> in library <work> (architecture <Behavioral>).

Analyzing hierarchy for entity <Decoder> in library <work> (architecture <Behavioral>).


=========================================================================
*                            HDL Analysis                               *
=========================================================================
Analyzing Entity <top_processor> in library <work> (Architecture <rtl>).
Entity <top_processor> analyzed. Unit <top_processor> generated.

Analyzing Entity <PC> in library <work> (Architecture <Behavioral>).
Entity <PC> analyzed. Unit <PC> generated.

Analyzing Entity <Registers> in library <work> (Architecture <Behavioral>).
Entity <Registers> analyzed. Unit <Registers> generated.

Analyzing Entity <ALU> in library <work> (Architecture <rtl>).
INFO:Xst:1561 - "C:/Users/gayan/Documents/FVR/CPU VHDL/Task3/ALU.vhd" line 40: Mux is complete : default of case is discarded
INFO:Xst:1561 - "C:/Users/gayan/Documents/FVR/CPU VHDL/Task3/ALU.vhd" line 52: Mux is complete : default of case is discarded
INFO:Xst:1561 - "C:/Users/gayan/Documents/FVR/CPU VHDL/Task3/ALU.vhd" line 60: Mux is complete : default of case is discarded
Entity <ALU> analyzed. Unit <ALU> generated.

Analyzing Entity <Instructions_ROM> in library <work> (Architecture <Behavioral>).
INFO:Xst:2679 - Register <rom<0>> in unit <Instructions_ROM> has a constant value of 0001001000000101 during circuit operation. The register is replaced by logic.
INFO:Xst:2679 - Register <rom<1>> in unit <Instructions_ROM> has a constant value of 0001010000000000 during circuit operation. The register is replaced by logic.
INFO:Xst:2679 - Register <rom<2>> in unit <Instructions_ROM> has a constant value of 0001010010000010 during circuit operation. The register is replaced by logic.
INFO:Xst:2679 - Register <rom<3>> in unit <Instructions_ROM> has a constant value of 0011001001000001 during circuit operation. The register is replaced by logic.
INFO:Xst:2679 - Register <rom<4>> in unit <Instructions_ROM> has a constant value of 1111111001000110 during circuit operation. The register is replaced by logic.
INFO:Xst:2679 - Register <rom<249>> in unit <Instructions_ROM> has a constant value of 0000001001000000 during circuit operation. The register is replaced by logic.
INFO:Xst:2679 - Register <rom<250>> in unit <Instructions_ROM> has a constant value of 0000010010001000 during circuit operation. The register is replaced by logic.
INFO:Xst:2679 - Register <rom<251>> in unit <Instructions_ROM> has a constant value of 0000011011010000 during circuit operation. The register is replaced by logic.
INFO:Xst:2679 - Register <rom<252>> in unit <Instructions_ROM> has a constant value of 0000100100011000 during circuit operation. The register is replaced by logic.
INFO:Xst:2679 - Register <rom<253>> in unit <Instructions_ROM> has a constant value of 0000101101100000 during circuit operation. The register is replaced by logic.
INFO:Xst:2679 - Register <rom<254>> in unit <Instructions_ROM> has a constant value of 0000110110101000 during circuit operation. The register is replaced by logic.
INFO:Xst:2679 - Register <rom<255>> in unit <Instructions_ROM> has a constant value of 0000111111110000 during circuit operation. The register is replaced by logic.
INFO:Xst:2679 - Register <rom<5>> in unit <Instructions_ROM> has a constant value of 1010111111111111 during circuit operation. The register is replaced by logic.
INFO:Xst:2679 - Register <rom<6>> in unit <Instructions_ROM> has a constant value of 1010111111111111 during circuit operation. The register is replaced by logic.
INFO:Xst:2679 - Register <rom<7>> in unit <Instructions_ROM> has a constant value of 1010111111111111 during circuit operation. The register is replaced by logic.
INFO:Xst:2679 - Register <rom<8>> in unit <Instructions_ROM> has a constant value of 1010111111111111 during circuit operation. The register is replaced by logic.
INFO:Xst:2679 - Register <rom<9>> in unit <Instructions_ROM> has a constant value of 1010111111111111 during circuit operation. The register is replaced by logic.
INFO:Xst:2679 - Register <rom<10>> in unit <Instructions_ROM> has a constant value of 1010111111111111 during circuit operation. The register is replaced by logic.
INFO:Xst:2679 - Register <rom<11>> in unit <Instructions_ROM> has a constant value of 1010111111111111 during circuit operation. The register is replaced by logic.
INFO:Xst:2679 - Register <rom<12>> in unit <Instructions_ROM> has a constant value of 1010111111111111 during circuit operation. The register is replaced by logic.
INFO:Xst:2679 - Register <rom<13>> in unit <Instructions_ROM> has a constant value of 1010111111111111 during circuit operation. The register is replaced by logic.
INFO:Xst:2679 - Register <rom<14>> in unit <Instructions_ROM> has a constant value of 1010111111111111 during circuit operation. The register is replaced by logic.
INFO:Xst:2679 - Register <rom<15>> in unit <Instructions_ROM> has a constant value of 1010111111111111 during circuit operation. The register is replaced by logic.
INFO:Xst:2679 - Register <rom<16>> in unit <Instructions_ROM> has a constant value of 1010111111111111 during circuit operation. The register is replaced by logic.
INFO:Xst:2679 - Register <rom<17>> in unit <Instructions_ROM> has a constant value of 1010111111111111 during circuit operation. The register is replaced by logic.
INFO:Xst:2679 - Register <rom<18>> in unit <Instructions_ROM> has a constant value of 1010111111111111 during circuit operation. The register is replaced by logic.
INFO:Xst:2679 - Register <rom<19>> in unit <Instructions_ROM> has a constant value of 1010111111111111 during circuit operation. The register is replaced by logic.
INFO:Xst:2679 - Register <rom<20>> in unit <Instructions_ROM> has a constant value of 1010111111111111 during circuit operation. The register is replaced by logic.
INFO:Xst:2679 - Register <rom<21>> in unit <Instructions_ROM> has a constant value of 1010111111111111 during circuit operation. The register is replaced by logic.
INFO:Xst:2679 - Register <rom<22>> in unit <Instructions_ROM> has a constant value of 1010111111111111 during circuit operation. The register is replaced by logic.
INFO:Xst:2679 - Register <rom<23>> in unit <Instructions_ROM> has a constant value of 1010111111111111 during circuit operation. The register is replaced by logic.
INFO:Xst:2679 - Register <rom<24>> in unit <Instructions_ROM> has a constant value of 1010111111111111 during circuit operation. The register is replaced by logic.
INFO:Xst:2679 - Register <rom<25>> in unit <Instructions_ROM> has a constant value of 1010111111111111 during circuit operation. The register is replaced by logic.
INFO:Xst:2679 - Register <rom<26>> in unit <Instructions_ROM> has a constant value of 1010111111111111 during circuit operation. The register is replaced by logic.
INFO:Xst:2679 - Register <rom<27>> in unit <Instructions_ROM> has a constant value of 1010111111111111 during circuit operation. The register is replaced by logic.
INFO:Xst:2679 - Register <rom<28>> in unit <Instructions_ROM> has a constant value of 1010111111111111 during circuit operation. The register is replaced by logic.
INFO:Xst:2679 - Register <rom<29>> in unit <Instructions_ROM> has a constant value of 1010111111111111 during circuit operation. The register is replaced by logic.
INFO:Xst:2679 - Register <rom<30>> in unit <Instructions_ROM> has a constant value of 1010111111111111 during circuit operation. The register is replaced by logic.
INFO:Xst:2679 - Register <rom<31>> in unit <Instructions_ROM> has a constant value of 1010111111111111 during circuit operation. The register is replaced by logic.
INFO:Xst:2679 - Register <rom<32>> in unit <Instructions_ROM> has a constant value of 1010111111111111 during circuit operation. The register is replaced by logic.
INFO:Xst:2679 - Register <rom<33>> in unit <Instructions_ROM> has a constant value of 1010111111111111 during circuit operation. The register is replaced by logic.
INFO:Xst:2679 - Register <rom<34>> in unit <Instructions_ROM> has a constant value of 1010111111111111 during circuit operation. The register is replaced by logic.
INFO:Xst:2679 - Register <rom<35>> in unit <Instructions_ROM> has a constant value of 1010111111111111 during circuit operation. The register is replaced by logic.
INFO:Xst:2679 - Register <rom<36>> in unit <Instructions_ROM> has a constant value of 1010111111111111 during circuit operation. The register is replaced by logic.
INFO:Xst:2679 - Register <rom<37>> in unit <Instructions_ROM> has a constant value of 1010111111111111 during circuit operation. The register is replaced by logic.
INFO:Xst:2679 - Register <rom<38>> in unit <Instructions_ROM> has a constant value of 1010111111111111 during circuit operation. The register is replaced by logic.
INFO:Xst:2679 - Register <rom<39>> in unit <Instructions_ROM> has a constant value of 1010111111111111 during circuit operation. The register is replaced by logic.
INFO:Xst:2679 - Register <rom<40>> in unit <Instructions_ROM> has a constant value of 1010111111111111 during circuit operation. The register is replaced by logic.
INFO:Xst:2679 - Register <rom<41>> in unit <Instructions_ROM> has a constant value of 1010111111111111 during circuit operation. The register is replaced by logic.
INFO:Xst:2679 - Register <rom<42>> in unit <Instructions_ROM> has a constant value of 1010111111111111 during circuit operation. The register is replaced by logic.
INFO:Xst:2679 - Register <rom<43>> in unit <Instructions_ROM> has a constant value of 1010111111111111 during circuit operation. The register is replaced by logic.
INFO:Xst:2679 - Register <rom<44>> in unit <Instructions_ROM> has a constant value of 1010111111111111 during circuit operation. The register is replaced by logic.
INFO:Xst:2679 - Register <rom<45>> in unit <Instructions_ROM> has a constant value of 1010111111111111 during circuit operation. The register is replaced by logic.
INFO:Xst:2679 - Register <rom<46>> in unit <Instructions_ROM> has a constant value of 1010111111111111 during circuit operation. The register is replaced by logic.
INFO:Xst:2679 - Register <rom<47>> in unit <Instructions_ROM> has a constant value of 1010111111111111 during circuit operation. The register is replaced by logic.
INFO:Xst:2679 - Register <rom<48>> in unit <Instructions_ROM> has a constant value of 1010111111111111 during circuit operation. The register is replaced by logic.
INFO:Xst:2679 - Register <rom<49>> in unit <Instructions_ROM> has a constant value of 1010111111111111 during circuit operation. The register is replaced by logic.
INFO:Xst:2679 - Register <rom<50>> in unit <Instructions_ROM> has a constant value of 1010111111111111 during circuit operation. The register is replaced by logic.
INFO:Xst:2679 - Register <rom<51>> in unit <Instructions_ROM> has a constant value of 1010111111111111 during circuit operation. The register is replaced by logic.
INFO:Xst:2679 - Register <rom<52>> in unit <Instructions_ROM> has a constant value of 1010111111111111 during circuit operation. The register is replaced by logic.
INFO:Xst:2679 - Register <rom<53>> in unit <Instructions_ROM> has a constant value of 1010111111111111 during circuit operation. The register is replaced by logic.
INFO:Xst:2679 - Register <rom<54>> in unit <Instructions_ROM> has a constant value of 1010111111111111 during circuit operation. The register is replaced by logic.
INFO:Xst:2679 - Register <rom<55>> in unit <Instructions_ROM> has a constant value of 1010111111111111 during circuit operation. The register is replaced by logic.
INFO:Xst:2679 - Register <rom<56>> in unit <Instructions_ROM> has a constant value of 1010111111111111 during circuit operation. The register is replaced by logic.
INFO:Xst:2679 - Register <rom<57>> in unit <Instructions_ROM> has a constant value of 1010111111111111 during circuit operation. The register is replaced by logic.
INFO:Xst:2679 - Register <rom<58>> in unit <Instructions_ROM> has a constant value of 1010111111111111 during circuit operation. The register is replaced by logic.
INFO:Xst:2679 - Register <rom<59>> in unit <Instructions_ROM> has a constant value of 1010111111111111 during circuit operation. The register is replaced by logic.
INFO:Xst:2679 - Register <rom<60>> in unit <Instructions_ROM> has a constant value of 1010111111111111 during circuit operation. The register is replaced by logic.
INFO:Xst:2679 - Register <rom<61>> in unit <Instructions_ROM> has a constant value of 1010111111111111 during circuit operation. The register is replaced by logic.
INFO:Xst:2679 - Register <rom<62>> in unit <Instructions_ROM> has a constant value of 1010111111111111 during circuit operation. The register is replaced by logic.
INFO:Xst:2679 - Register <rom<63>> in unit <Instructions_ROM> has a constant value of 1010111111111111 during circuit operation. The register is replaced by logic.
INFO:Xst:2679 - Register <rom<64>> in unit <Instructions_ROM> has a constant value of 1010111111111111 during circuit operation. The register is replaced by logic.
INFO:Xst:2679 - Register <rom<65>> in unit <Instructions_ROM> has a constant value of 1010111111111111 during circuit operation. The register is replaced by logic.
INFO:Xst:2679 - Register <rom<66>> in unit <Instructions_ROM> has a constant value of 1010111111111111 during circuit operation. The register is replaced by logic.
INFO:Xst:2679 - Register <rom<67>> in unit <Instructions_ROM> has a constant value of 1010111111111111 during circuit operation. The register is replaced by logic.
INFO:Xst:2679 - Register <rom<68>> in unit <Instructions_ROM> has a constant value of 1010111111111111 during circuit operation. The register is replaced by logic.
INFO:Xst:2679 - Register <rom<69>> in unit <Instructions_ROM> has a constant value of 1010111111111111 during circuit operation. The register is replaced by logic.
INFO:Xst:2679 - Register <rom<70>> in unit <Instructions_ROM> has a constant value of 1010111111111111 during circuit operation. The register is replaced by logic.
INFO:Xst:2679 - Register <rom<71>> in unit <Instructions_ROM> has a constant value of 1010111111111111 during circuit operation. The register is replaced by logic.
INFO:Xst:2679 - Register <rom<72>> in unit <Instructions_ROM> has a constant value of 1010111111111111 during circuit operation. The register is replaced by logic.
INFO:Xst:2679 - Register <rom<73>> in unit <Instructions_ROM> has a constant value of 1010111111111111 during circuit operation. The register is replaced by logic.
INFO:Xst:2679 - Register <rom<74>> in unit <Instructions_ROM> has a constant value of 1010111111111111 during circuit operation. The register is replaced by logic.
INFO:Xst:2679 - Register <rom<75>> in unit <Instructions_ROM> has a constant value of 1010111111111111 during circuit operation. The register is replaced by logic.
INFO:Xst:2679 - Register <rom<76>> in unit <Instructions_ROM> has a constant value of 1010111111111111 during circuit operation. The register is replaced by logic.
INFO:Xst:2679 - Register <rom<77>> in unit <Instructions_ROM> has a constant value of 1010111111111111 during circuit operation. The register is replaced by logic.
INFO:Xst:2679 - Register <rom<78>> in unit <Instructions_ROM> has a constant value of 1010111111111111 during circuit operation. The register is replaced by logic.
INFO:Xst:2679 - Register <rom<79>> in unit <Instructions_ROM> has a constant value of 1010111111111111 during circuit operation. The register is replaced by logic.
INFO:Xst:2679 - Register <rom<80>> in unit <Instructions_ROM> has a constant value of 1010111111111111 during circuit operation. The register is replaced by logic.
INFO:Xst:2679 - Register <rom<81>> in unit <Instructions_ROM> has a constant value of 1010111111111111 during circuit operation. The register is replaced by logic.
INFO:Xst:2679 - Register <rom<82>> in unit <Instructions_ROM> has a constant value of 1010111111111111 during circuit operation. The register is replaced by logic.
INFO:Xst:2679 - Register <rom<83>> in unit <Instructions_ROM> has a constant value of 1010111111111111 during circuit operation. The register is replaced by logic.
INFO:Xst:2679 - Register <rom<84>> in unit <Instructions_ROM> has a constant value of 1010111111111111 during circuit operation. The register is replaced by logic.
INFO:Xst:2679 - Register <rom<85>> in unit <Instructions_ROM> has a constant value of 1010111111111111 during circuit operation. The register is replaced by logic.
INFO:Xst:2679 - Register <rom<86>> in unit <Instructions_ROM> has a constant value of 1010111111111111 during circuit operation. The register is replaced by logic.
INFO:Xst:2679 - Register <rom<87>> in unit <Instructions_ROM> has a constant value of 1010111111111111 during circuit operation. The register is replaced by logic.
INFO:Xst:2679 - Register <rom<88>> in unit <Instructions_ROM> has a constant value of 1010111111111111 during circuit operation. The register is replaced by logic.
INFO:Xst:2679 - Register <rom<89>> in unit <Instructions_ROM> has a constant value of 1010111111111111 during circuit operation. The register is replaced by logic.
INFO:Xst:2679 - Register <rom<90>> in unit <Instructions_ROM> has a constant value of 1010111111111111 during circuit operation. The register is replaced by logic.
INFO:Xst:2679 - Register <rom<91>> in unit <Instructions_ROM> has a constant value of 1010111111111111 during circuit operation. The register is replaced by logic.
INFO:Xst:2679 - Register <rom<92>> in unit <Instructions_ROM> has a constant value of 1010111111111111 during circuit operation. The register is replaced by logic.
INFO:Xst:2679 - Register <rom<93>> in unit <Instructions_ROM> has a constant value of 1010111111111111 during circuit operation. The register is replaced by logic.
INFO:Xst:2679 - Register <rom<94>> in unit <Instructions_ROM> has a constant value of 1010111111111111 during circuit operation. The register is replaced by logic.
INFO:Xst:2679 - Register <rom<95>> in unit <Instructions_ROM> has a constant value of 1010111111111111 during circuit operation. The register is replaced by logic.
INFO:Xst:2679 - Register <rom<96>> in unit <Instructions_ROM> has a constant value of 1010111111111111 during circuit operation. The register is replaced by logic.
INFO:Xst:2679 - Register <rom<97>> in unit <Instructions_ROM> has a constant value of 1010111111111111 during circuit operation. The register is replaced by logic.
INFO:Xst:2679 - Register <rom<98>> in unit <Instructions_ROM> has a constant value of 1010111111111111 during circuit operation. The register is replaced by logic.
INFO:Xst:2679 - Register <rom<99>> in unit <Instructions_ROM> has a constant value of 1010111111111111 during circuit operation. The register is replaced by logic.
INFO:Xst:2679 - Register <rom<100>> in unit <Instructions_ROM> has a constant value of 1010111111111111 during circuit operation. The register is replaced by logic.
INFO:Xst:2679 - Register <rom<101>> in unit <Instructions_ROM> has a constant value of 1010111111111111 during circuit operation. The register is replaced by logic.
INFO:Xst:2679 - Register <rom<102>> in unit <Instructions_ROM> has a constant value of 1010111111111111 during circuit operation. The register is replaced by logic.
INFO:Xst:2679 - Register <rom<103>> in unit <Instructions_ROM> has a constant value of 1010111111111111 during circuit operation. The register is replaced by logic.
INFO:Xst:2679 - Register <rom<104>> in unit <Instructions_ROM> has a constant value of 1010111111111111 during circuit operation. The register is replaced by logic.
INFO:Xst:2679 - Register <rom<105>> in unit <Instructions_ROM> has a constant value of 1010111111111111 during circuit operation. The register is replaced by logic.
INFO:Xst:2679 - Register <rom<106>> in unit <Instructions_ROM> has a constant value of 1010111111111111 during circuit operation. The register is replaced by logic.
INFO:Xst:2679 - Register <rom<107>> in unit <Instructions_ROM> has a constant value of 1010111111111111 during circuit operation. The register is replaced by logic.
INFO:Xst:2679 - Register <rom<108>> in unit <Instructions_ROM> has a constant value of 1010111111111111 during circuit operation. The register is replaced by logic.
INFO:Xst:2679 - Register <rom<109>> in unit <Instructions_ROM> has a constant value of 1010111111111111 during circuit operation. The register is replaced by logic.
INFO:Xst:2679 - Register <rom<110>> in unit <Instructions_ROM> has a constant value of 1010111111111111 during circuit operation. The register is replaced by logic.
INFO:Xst:2679 - Register <rom<111>> in unit <Instructions_ROM> has a constant value of 1010111111111111 during circuit operation. The register is replaced by logic.
INFO:Xst:2679 - Register <rom<112>> in unit <Instructions_ROM> has a constant value of 1010111111111111 during circuit operation. The register is replaced by logic.
INFO:Xst:2679 - Register <rom<113>> in unit <Instructions_ROM> has a constant value of 1010111111111111 during circuit operation. The register is replaced by logic.
INFO:Xst:2679 - Register <rom<114>> in unit <Instructions_ROM> has a constant value of 1010111111111111 during circuit operation. The register is replaced by logic.
INFO:Xst:2679 - Register <rom<115>> in unit <Instructions_ROM> has a constant value of 1010111111111111 during circuit operation. The register is replaced by logic.
INFO:Xst:2679 - Register <rom<116>> in unit <Instructions_ROM> has a constant value of 1010111111111111 during circuit operation. The register is replaced by logic.
INFO:Xst:2679 - Register <rom<117>> in unit <Instructions_ROM> has a constant value of 1010111111111111 during circuit operation. The register is replaced by logic.
INFO:Xst:2679 - Register <rom<118>> in unit <Instructions_ROM> has a constant value of 1010111111111111 during circuit operation. The register is replaced by logic.
INFO:Xst:2679 - Register <rom<119>> in unit <Instructions_ROM> has a constant value of 1010111111111111 during circuit operation. The register is replaced by logic.
INFO:Xst:2679 - Register <rom<120>> in unit <Instructions_ROM> has a constant value of 1010111111111111 during circuit operation. The register is replaced by logic.
INFO:Xst:2679 - Register <rom<121>> in unit <Instructions_ROM> has a constant value of 1010111111111111 during circuit operation. The register is replaced by logic.
INFO:Xst:2679 - Register <rom<122>> in unit <Instructions_ROM> has a constant value of 1010111111111111 during circuit operation. The register is replaced by logic.
INFO:Xst:2679 - Register <rom<123>> in unit <Instructions_ROM> has a constant value of 1010111111111111 during circuit operation. The register is replaced by logic.
INFO:Xst:2679 - Register <rom<124>> in unit <Instructions_ROM> has a constant value of 1010111111111111 during circuit operation. The register is replaced by logic.
INFO:Xst:2679 - Register <rom<125>> in unit <Instructions_ROM> has a constant value of 1010111111111111 during circuit operation. The register is replaced by logic.
INFO:Xst:2679 - Register <rom<126>> in unit <Instructions_ROM> has a constant value of 1010111111111111 during circuit operation. The register is replaced by logic.
INFO:Xst:2679 - Register <rom<127>> in unit <Instructions_ROM> has a constant value of 1010111111111111 during circuit operation. The register is replaced by logic.
INFO:Xst:2679 - Register <rom<128>> in unit <Instructions_ROM> has a constant value of 1010111111111111 during circuit operation. The register is replaced by logic.
INFO:Xst:2679 - Register <rom<129>> in unit <Instructions_ROM> has a constant value of 1010111111111111 during circuit operation. The register is replaced by logic.
INFO:Xst:2679 - Register <rom<130>> in unit <Instructions_ROM> has a constant value of 1010111111111111 during circuit operation. The register is replaced by logic.
INFO:Xst:2679 - Register <rom<131>> in unit <Instructions_ROM> has a constant value of 1010111111111111 during circuit operation. The register is replaced by logic.
INFO:Xst:2679 - Register <rom<132>> in unit <Instructions_ROM> has a constant value of 1010111111111111 during circuit operation. The register is replaced by logic.
INFO:Xst:2679 - Register <rom<133>> in unit <Instructions_ROM> has a constant value of 1010111111111111 during circuit operation. The register is replaced by logic.
INFO:Xst:2679 - Register <rom<134>> in unit <Instructions_ROM> has a constant value of 1010111111111111 during circuit operation. The register is replaced by logic.
INFO:Xst:2679 - Register <rom<135>> in unit <Instructions_ROM> has a constant value of 1010111111111111 during circuit operation. The register is replaced by logic.
INFO:Xst:2679 - Register <rom<136>> in unit <Instructions_ROM> has a constant value of 1010111111111111 during circuit operation. The register is replaced by logic.
INFO:Xst:2679 - Register <rom<137>> in unit <Instructions_ROM> has a constant value of 1010111111111111 during circuit operation. The register is replaced by logic.
INFO:Xst:2679 - Register <rom<138>> in unit <Instructions_ROM> has a constant value of 1010111111111111 during circuit operation. The register is replaced by logic.
INFO:Xst:2679 - Register <rom<139>> in unit <Instructions_ROM> has a constant value of 1010111111111111 during circuit operation. The register is replaced by logic.
INFO:Xst:2679 - Register <rom<140>> in unit <Instructions_ROM> has a constant value of 1010111111111111 during circuit operation. The register is replaced by logic.
INFO:Xst:2679 - Register <rom<141>> in unit <Instructions_ROM> has a constant value of 1010111111111111 during circuit operation. The register is replaced by logic.
INFO:Xst:2679 - Register <rom<142>> in unit <Instructions_ROM> has a constant value of 1010111111111111 during circuit operation. The register is replaced by logic.
INFO:Xst:2679 - Register <rom<143>> in unit <Instructions_ROM> has a constant value of 1010111111111111 during circuit operation. The register is replaced by logic.
INFO:Xst:2679 - Register <rom<144>> in unit <Instructions_ROM> has a constant value of 1010111111111111 during circuit operation. The register is replaced by logic.
INFO:Xst:2679 - Register <rom<145>> in unit <Instructions_ROM> has a constant value of 1010111111111111 during circuit operation. The register is replaced by logic.
INFO:Xst:2679 - Register <rom<146>> in unit <Instructions_ROM> has a constant value of 1010111111111111 during circuit operation. The register is replaced by logic.
INFO:Xst:2679 - Register <rom<147>> in unit <Instructions_ROM> has a constant value of 1010111111111111 during circuit operation. The register is replaced by logic.
INFO:Xst:2679 - Register <rom<148>> in unit <Instructions_ROM> has a constant value of 1010111111111111 during circuit operation. The register is replaced by logic.
INFO:Xst:2679 - Register <rom<149>> in unit <Instructions_ROM> has a constant value of 1010111111111111 during circuit operation. The register is replaced by logic.
INFO:Xst:2679 - Register <rom<150>> in unit <Instructions_ROM> has a constant value of 1010111111111111 during circuit operation. The register is replaced by logic.
INFO:Xst:2679 - Register <rom<151>> in unit <Instructions_ROM> has a constant value of 1010111111111111 during circuit operation. The register is replaced by logic.
INFO:Xst:2679 - Register <rom<152>> in unit <Instructions_ROM> has a constant value of 1010111111111111 during circuit operation. The register is replaced by logic.
INFO:Xst:2679 - Register <rom<153>> in unit <Instructions_ROM> has a constant value of 1010111111111111 during circuit operation. The register is replaced by logic.
INFO:Xst:2679 - Register <rom<154>> in unit <Instructions_ROM> has a constant value of 1010111111111111 during circuit operation. The register is replaced by logic.
INFO:Xst:2679 - Register <rom<155>> in unit <Instructions_ROM> has a constant value of 1010111111111111 during circuit operation. The register is replaced by logic.
INFO:Xst:2679 - Register <rom<156>> in unit <Instructions_ROM> has a constant value of 1010111111111111 during circuit operation. The register is replaced by logic.
INFO:Xst:2679 - Register <rom<157>> in unit <Instructions_ROM> has a constant value of 1010111111111111 during circuit operation. The register is replaced by logic.
INFO:Xst:2679 - Register <rom<158>> in unit <Instructions_ROM> has a constant value of 1010111111111111 during circuit operation. The register is replaced by logic.
INFO:Xst:2679 - Register <rom<159>> in unit <Instructions_ROM> has a constant value of 1010111111111111 during circuit operation. The register is replaced by logic.
INFO:Xst:2679 - Register <rom<160>> in unit <Instructions_ROM> has a constant value of 1010111111111111 during circuit operation. The register is replaced by logic.
INFO:Xst:2679 - Register <rom<161>> in unit <Instructions_ROM> has a constant value of 1010111111111111 during circuit operation. The register is replaced by logic.
INFO:Xst:2679 - Register <rom<162>> in unit <Instructions_ROM> has a constant value of 1010111111111111 during circuit operation. The register is replaced by logic.
INFO:Xst:2679 - Register <rom<163>> in unit <Instructions_ROM> has a constant value of 1010111111111111 during circuit operation. The register is replaced by logic.
INFO:Xst:2679 - Register <rom<164>> in unit <Instructions_ROM> has a constant value of 1010111111111111 during circuit operation. The register is replaced by logic.
INFO:Xst:2679 - Register <rom<165>> in unit <Instructions_ROM> has a constant value of 1010111111111111 during circuit operation. The register is replaced by logic.
INFO:Xst:2679 - Register <rom<166>> in unit <Instructions_ROM> has a constant value of 1010111111111111 during circuit operation. The register is replaced by logic.
INFO:Xst:2679 - Register <rom<167>> in unit <Instructions_ROM> has a constant value of 1010111111111111 during circuit operation. The register is replaced by logic.
INFO:Xst:2679 - Register <rom<168>> in unit <Instructions_ROM> has a constant value of 1010111111111111 during circuit operation. The register is replaced by logic.
INFO:Xst:2679 - Register <rom<169>> in unit <Instructions_ROM> has a constant value of 1010111111111111 during circuit operation. The register is replaced by logic.
INFO:Xst:2679 - Register <rom<170>> in unit <Instructions_ROM> has a constant value of 1010111111111111 during circuit operation. The register is replaced by logic.
INFO:Xst:2679 - Register <rom<171>> in unit <Instructions_ROM> has a constant value of 1010111111111111 during circuit operation. The register is replaced by logic.
INFO:Xst:2679 - Register <rom<172>> in unit <Instructions_ROM> has a constant value of 1010111111111111 during circuit operation. The register is replaced by logic.
INFO:Xst:2679 - Register <rom<173>> in unit <Instructions_ROM> has a constant value of 1010111111111111 during circuit operation. The register is replaced by logic.
INFO:Xst:2679 - Register <rom<174>> in unit <Instructions_ROM> has a constant value of 1010111111111111 during circuit operation. The register is replaced by logic.
INFO:Xst:2679 - Register <rom<175>> in unit <Instructions_ROM> has a constant value of 1010111111111111 during circuit operation. The register is replaced by logic.
INFO:Xst:2679 - Register <rom<176>> in unit <Instructions_ROM> has a constant value of 1010111111111111 during circuit operation. The register is replaced by logic.
INFO:Xst:2679 - Register <rom<177>> in unit <Instructions_ROM> has a constant value of 1010111111111111 during circuit operation. The register is replaced by logic.
INFO:Xst:2679 - Register <rom<178>> in unit <Instructions_ROM> has a constant value of 1010111111111111 during circuit operation. The register is replaced by logic.
INFO:Xst:2679 - Register <rom<179>> in unit <Instructions_ROM> has a constant value of 1010111111111111 during circuit operation. The register is replaced by logic.
INFO:Xst:2679 - Register <rom<180>> in unit <Instructions_ROM> has a constant value of 1010111111111111 during circuit operation. The register is replaced by logic.
INFO:Xst:2679 - Register <rom<181>> in unit <Instructions_ROM> has a constant value of 1010111111111111 during circuit operation. The register is replaced by logic.
INFO:Xst:2679 - Register <rom<182>> in unit <Instructions_ROM> has a constant value of 1010111111111111 during circuit operation. The register is replaced by logic.
INFO:Xst:2679 - Register <rom<183>> in unit <Instructions_ROM> has a constant value of 1010111111111111 during circuit operation. The register is replaced by logic.
INFO:Xst:2679 - Register <rom<184>> in unit <Instructions_ROM> has a constant value of 1010111111111111 during circuit operation. The register is replaced by logic.
INFO:Xst:2679 - Register <rom<185>> in unit <Instructions_ROM> has a constant value of 1010111111111111 during circuit operation. The register is replaced by logic.
INFO:Xst:2679 - Register <rom<186>> in unit <Instructions_ROM> has a constant value of 1010111111111111 during circuit operation. The register is replaced by logic.
INFO:Xst:2679 - Register <rom<187>> in unit <Instructions_ROM> has a constant value of 1010111111111111 during circuit operation. The register is replaced by logic.
INFO:Xst:2679 - Register <rom<188>> in unit <Instructions_ROM> has a constant value of 1010111111111111 during circuit operation. The register is replaced by logic.
INFO:Xst:2679 - Register <rom<189>> in unit <Instructions_ROM> has a constant value of 1010111111111111 during circuit operation. The register is replaced by logic.
INFO:Xst:2679 - Register <rom<190>> in unit <Instructions_ROM> has a constant value of 1010111111111111 during circuit operation. The register is replaced by logic.
INFO:Xst:2679 - Register <rom<191>> in unit <Instructions_ROM> has a constant value of 1010111111111111 during circuit operation. The register is replaced by logic.
INFO:Xst:2679 - Register <rom<192>> in unit <Instructions_ROM> has a constant value of 1010111111111111 during circuit operation. The register is replaced by logic.
INFO:Xst:2679 - Register <rom<193>> in unit <Instructions_ROM> has a constant value of 1010111111111111 during circuit operation. The register is replaced by logic.
INFO:Xst:2679 - Register <rom<194>> in unit <Instructions_ROM> has a constant value of 1010111111111111 during circuit operation. The register is replaced by logic.
INFO:Xst:2679 - Register <rom<195>> in unit <Instructions_ROM> has a constant value of 1010111111111111 during circuit operation. The register is replaced by logic.
INFO:Xst:2679 - Register <rom<196>> in unit <Instructions_ROM> has a constant value of 1010111111111111 during circuit operation. The register is replaced by logic.
INFO:Xst:2679 - Register <rom<197>> in unit <Instructions_ROM> has a constant value of 1010111111111111 during circuit operation. The register is replaced by logic.
INFO:Xst:2679 - Register <rom<198>> in unit <Instructions_ROM> has a constant value of 1010111111111111 during circuit operation. The register is replaced by logic.
INFO:Xst:2679 - Register <rom<199>> in unit <Instructions_ROM> has a constant value of 1010111111111111 during circuit operation. The register is replaced by logic.
INFO:Xst:2679 - Register <rom<200>> in unit <Instructions_ROM> has a constant value of 1010111111111111 during circuit operation. The register is replaced by logic.
INFO:Xst:2679 - Register <rom<201>> in unit <Instructions_ROM> has a constant value of 1010111111111111 during circuit operation. The register is replaced by logic.
INFO:Xst:2679 - Register <rom<202>> in unit <Instructions_ROM> has a constant value of 1010111111111111 during circuit operation. The register is replaced by logic.
INFO:Xst:2679 - Register <rom<203>> in unit <Instructions_ROM> has a constant value of 1010111111111111 during circuit operation. The register is replaced by logic.
INFO:Xst:2679 - Register <rom<204>> in unit <Instructions_ROM> has a constant value of 1010111111111111 during circuit operation. The register is replaced by logic.
INFO:Xst:2679 - Register <rom<205>> in unit <Instructions_ROM> has a constant value of 1010111111111111 during circuit operation. The register is replaced by logic.
INFO:Xst:2679 - Register <rom<206>> in unit <Instructions_ROM> has a constant value of 1010111111111111 during circuit operation. The register is replaced by logic.
INFO:Xst:2679 - Register <rom<207>> in unit <Instructions_ROM> has a constant value of 1010111111111111 during circuit operation. The register is replaced by logic.
INFO:Xst:2679 - Register <rom<208>> in unit <Instructions_ROM> has a constant value of 1010111111111111 during circuit operation. The register is replaced by logic.
INFO:Xst:2679 - Register <rom<209>> in unit <Instructions_ROM> has a constant value of 1010111111111111 during circuit operation. The register is replaced by logic.
INFO:Xst:2679 - Register <rom<210>> in unit <Instructions_ROM> has a constant value of 1010111111111111 during circuit operation. The register is replaced by logic.
INFO:Xst:2679 - Register <rom<211>> in unit <Instructions_ROM> has a constant value of 1010111111111111 during circuit operation. The register is replaced by logic.
INFO:Xst:2679 - Register <rom<212>> in unit <Instructions_ROM> has a constant value of 1010111111111111 during circuit operation. The register is replaced by logic.
INFO:Xst:2679 - Register <rom<213>> in unit <Instructions_ROM> has a constant value of 1010111111111111 during circuit operation. The register is replaced by logic.
INFO:Xst:2679 - Register <rom<214>> in unit <Instructions_ROM> has a constant value of 1010111111111111 during circuit operation. The register is replaced by logic.
INFO:Xst:2679 - Register <rom<215>> in unit <Instructions_ROM> has a constant value of 1010111111111111 during circuit operation. The register is replaced by logic.
INFO:Xst:2679 - Register <rom<216>> in unit <Instructions_ROM> has a constant value of 1010111111111111 during circuit operation. The register is replaced by logic.
INFO:Xst:2679 - Register <rom<217>> in unit <Instructions_ROM> has a constant value of 1010111111111111 during circuit operation. The register is replaced by logic.
INFO:Xst:2679 - Register <rom<218>> in unit <Instructions_ROM> has a constant value of 1010111111111111 during circuit operation. The register is replaced by logic.
INFO:Xst:2679 - Register <rom<219>> in unit <Instructions_ROM> has a constant value of 1010111111111111 during circuit operation. The register is replaced by logic.
INFO:Xst:2679 - Register <rom<220>> in unit <Instructions_ROM> has a constant value of 1010111111111111 during circuit operation. The register is replaced by logic.
INFO:Xst:2679 - Register <rom<221>> in unit <Instructions_ROM> has a constant value of 1010111111111111 during circuit operation. The register is replaced by logic.
INFO:Xst:2679 - Register <rom<222>> in unit <Instructions_ROM> has a constant value of 1010111111111111 during circuit operation. The register is replaced by logic.
INFO:Xst:2679 - Register <rom<223>> in unit <Instructions_ROM> has a constant value of 1010111111111111 during circuit operation. The register is replaced by logic.
INFO:Xst:2679 - Register <rom<224>> in unit <Instructions_ROM> has a constant value of 1010111111111111 during circuit operation. The register is replaced by logic.
INFO:Xst:2679 - Register <rom<225>> in unit <Instructions_ROM> has a constant value of 1010111111111111 during circuit operation. The register is replaced by logic.
INFO:Xst:2679 - Register <rom<226>> in unit <Instructions_ROM> has a constant value of 1010111111111111 during circuit operation. The register is replaced by logic.
INFO:Xst:2679 - Register <rom<227>> in unit <Instructions_ROM> has a constant value of 1010111111111111 during circuit operation. The register is replaced by logic.
INFO:Xst:2679 - Register <rom<228>> in unit <Instructions_ROM> has a constant value of 1010111111111111 during circuit operation. The register is replaced by logic.
INFO:Xst:2679 - Register <rom<229>> in unit <Instructions_ROM> has a constant value of 1010111111111111 during circuit operation. The register is replaced by logic.
INFO:Xst:2679 - Register <rom<230>> in unit <Instructions_ROM> has a constant value of 1010111111111111 during circuit operation. The register is replaced by logic.
INFO:Xst:2679 - Register <rom<231>> in unit <Instructions_ROM> has a constant value of 1010111111111111 during circuit operation. The register is replaced by logic.
INFO:Xst:2679 - Register <rom<232>> in unit <Instructions_ROM> has a constant value of 1010111111111111 during circuit operation. The register is replaced by logic.
INFO:Xst:2679 - Register <rom<233>> in unit <Instructions_ROM> has a constant value of 1010111111111111 during circuit operation. The register is replaced by logic.
INFO:Xst:2679 - Register <rom<234>> in unit <Instructions_ROM> has a constant value of 1010111111111111 during circuit operation. The register is replaced by logic.
INFO:Xst:2679 - Register <rom<235>> in unit <Instructions_ROM> has a constant value of 1010111111111111 during circuit operation. The register is replaced by logic.
INFO:Xst:2679 - Register <rom<236>> in unit <Instructions_ROM> has a constant value of 1010111111111111 during circuit operation. The register is replaced by logic.
INFO:Xst:2679 - Register <rom<237>> in unit <Instructions_ROM> has a constant value of 1010111111111111 during circuit operation. The register is replaced by logic.
INFO:Xst:2679 - Register <rom<238>> in unit <Instructions_ROM> has a constant value of 1010111111111111 during circuit operation. The register is replaced by logic.
INFO:Xst:2679 - Register <rom<239>> in unit <Instructions_ROM> has a constant value of 1010111111111111 during circuit operation. The register is replaced by logic.
INFO:Xst:2679 - Register <rom<240>> in unit <Instructions_ROM> has a constant value of 1010111111111111 during circuit operation. The register is replaced by logic.
INFO:Xst:2679 - Register <rom<241>> in unit <Instructions_ROM> has a constant value of 1010111111111111 during circuit operation. The register is replaced by logic.
INFO:Xst:2679 - Register <rom<242>> in unit <Instructions_ROM> has a constant value of 1010111111111111 during circuit operation. The register is replaced by logic.
INFO:Xst:2679 - Register <rom<243>> in unit <Instructions_ROM> has a constant value of 1010111111111111 during circuit operation. The register is replaced by logic.
INFO:Xst:2679 - Register <rom<244>> in unit <Instructions_ROM> has a constant value of 1010111111111111 during circuit operation. The register is replaced by logic.
INFO:Xst:2679 - Register <rom<245>> in unit <Instructions_ROM> has a constant value of 1010111111111111 during circuit operation. The register is replaced by logic.
INFO:Xst:2679 - Register <rom<246>> in unit <Instructions_ROM> has a constant value of 1010111111111111 during circuit operation. The register is replaced by logic.
INFO:Xst:2679 - Register <rom<247>> in unit <Instructions_ROM> has a constant value of 1010111111111111 during circuit operation. The register is replaced by logic.
INFO:Xst:2679 - Register <rom<248>> in unit <Instructions_ROM> has a constant value of 1010111111111111 during circuit operation. The register is replaced by logic.
Entity <Instructions_ROM> analyzed. Unit <Instructions_ROM> generated.

Analyzing Entity <Controller> in library <work> (Architecture <Behavioral>).
INFO:Xst:1561 - "C:/Users/gayan/Documents/FVR/CPU VHDL/Task3/Controller.vhd" line 102: Mux is complete : default of case is discarded
Entity <Controller> analyzed. Unit <Controller> generated.

Analyzing Entity <Decoder> in library <work> (Architecture <Behavioral>).
Entity <Decoder> analyzed. Unit <Decoder> generated.


=========================================================================
*                           HDL Synthesis                               *
=========================================================================

Performing bidirectional port resolution...
INFO:Xst:2679 - Register <reg<0>> in unit <Registers> has a constant value of 00000000 during circuit operation. The register is replaced by logic.

Synthesizing Unit <PC>.
    Related source file is "C:/Users/gayan/Documents/FVR/CPU VHDL/Task3/PC.vhd".
    Found 8-bit up counter for signal <PC_reg>.
    Summary:
	inferred   1 Counter(s).
Unit <PC> synthesized.


Synthesizing Unit <Registers>.
    Related source file is "C:/Users/gayan/Documents/FVR/CPU VHDL/Task3/Registers.vhd".
    Found 8-bit 8-to-1 multiplexer for signal <Rs2_data_out>.
    Found 8-bit 8-to-1 multiplexer for signal <Rs1_data_out>.
    Found 56-bit register for signal <reg<1:7>>.
    Summary:
	inferred  56 D-type flip-flop(s).
	inferred  16 Multiplexer(s).
Unit <Registers> synthesized.


Synthesizing Unit <ALU>.
    Related source file is "C:/Users/gayan/Documents/FVR/CPU VHDL/Task3/ALU.vhd".
    Found 8-bit 16-to-1 multiplexer for signal <result>.
    Found 8-bit addsub for signal <result$addsub0000>.
    Found 8-bit shifter logical left for signal <result$mux0001> created at line 32.
    Found 8-bit shifter logical right for signal <result$mux0002> created at line 44.
    Summary:
	inferred   1 Adder/Subtractor(s).
	inferred   8 Multiplexer(s).
	inferred   2 Combinational logic shifter(s).
Unit <ALU> synthesized.


Synthesizing Unit <Instructions_ROM>.
    Related source file is "C:/Users/gayan/Documents/FVR/CPU VHDL/Task3/Instructions_ROM.vhd".
    Found 256x16-bit ROM for signal <data_out>.
    Summary:
	inferred   1 ROM(s).
Unit <Instructions_ROM> synthesized.


Synthesizing Unit <Controller>.
    Related source file is "C:/Users/gayan/Documents/FVR/CPU VHDL/Task3/Controller.vhd".
    Found 16x4-bit ROM for signal <control_reg>.
    Found 8-bit adder for signal <new_PC>.
    Found 8-bit comparator equal for signal <new_PC$cmp_eq0003> created at line 69.
    Found 8-bit comparator less for signal <new_PC$cmp_lt0000> created at line 69.
    Found 8-bit comparator not equal for signal <new_PC$cmp_ne0000> created at line 69.
    Summary:
	inferred   1 ROM(s).
	inferred   1 Adder/Subtractor(s).
	inferred   3 Comparator(s).
Unit <Controller> synthesized.


Synthesizing Unit <Decoder>.
    Related source file is "C:/Users/gayan/Documents/FVR/CPU VHDL/Task3/Decoder.vhd".
Unit <Decoder> synthesized.


Synthesizing Unit <top_processor>.
    Related source file is "C:/Users/gayan/Documents/FVR/CPU VHDL/Task3/top_processor.vhd".
Unit <top_processor> synthesized.

INFO:Xst:1767 - HDL ADVISOR - Resource sharing has identified that some arithmetic operations in this design can share the same physical resources for reduced device utilization. For improved clock frequency you may try to disable resource sharing.

=========================================================================
HDL Synthesis Report

Macro Statistics
# ROMs                                                 : 2
 16x4-bit ROM                                          : 1
 256x16-bit ROM                                        : 1
# Adders/Subtractors                                   : 2
 8-bit adder                                           : 1
 8-bit addsub                                          : 1
# Counters                                             : 1
 8-bit up counter                                      : 1
# Registers                                            : 7
 8-bit register                                        : 7
# Comparators                                          : 3
 8-bit comparator equal                                : 1
 8-bit comparator less                                 : 1
 8-bit comparator not equal                            : 1
# Multiplexers                                         : 3
 8-bit 16-to-1 multiplexer                             : 1
 8-bit 8-to-1 multiplexer                              : 2
# Logic shifters                                       : 2
 8-bit shifter logical left                            : 1
 8-bit shifter logical right                           : 1

=========================================================================

=========================================================================
*                       Advanced HDL Synthesis                          *
=========================================================================


=========================================================================
Advanced HDL Synthesis Report

Macro Statistics
# ROMs                                                 : 2
 16x4-bit ROM                                          : 1
 256x16-bit ROM                                        : 1
# Adders/Subtractors                                   : 2
 8-bit adder                                           : 1
 8-bit addsub                                          : 1
# Counters                                             : 1
 8-bit up counter                                      : 1
# Registers                                            : 56
 Flip-Flops                                            : 56
# Comparators                                          : 3
 8-bit comparator equal                                : 1
 8-bit comparator less                                 : 1
 8-bit comparator not equal                            : 1
# Multiplexers                                         : 17
 1-bit 8-to-1 multiplexer                              : 16
 8-bit 16-to-1 multiplexer                             : 1
# Logic shifters                                       : 2
 8-bit shifter logical left                            : 1
 8-bit shifter logical right                           : 1

=========================================================================

=========================================================================
*                         Low Level Synthesis                           *
=========================================================================

Optimizing unit <top_processor> ...

Optimizing unit <Registers> ...

Optimizing unit <ALU> ...

Optimizing unit <Controller> ...

Mapping all equations...
Building and optimizing final netlist ...
Found area constraint ratio of 100 (+ 5) on block top_processor, actual ratio is 15.
FlipFlop PC_inst/PC_reg_0 has been replicated 1 time(s)
FlipFlop PC_inst/PC_reg_1 has been replicated 1 time(s)

Final Macro Processing ...

=========================================================================
Final Register Report

Macro Statistics
# Registers                                            : 66
 Flip-Flops                                            : 66

=========================================================================

=========================================================================
*                           Partition Report                            *
=========================================================================

Partition Implementation Status
-------------------------------

  No Partitions were found in this design.

-------------------------------

=========================================================================
*                            Final Report                               *
=========================================================================
Final Results
RTL Top Level Output File Name     : top_processor.ngr
Top Level Output File Name         : top_processor
Output Format                      : NGC
Optimization Goal                  : Speed
Keep Hierarchy                     : No

Design Statistics
# IOs                              : 30

Cell Usage :
# BELS                             : 403
#      GND                         : 1
#      LUT2                        : 14
#      LUT2_D                      : 1
#      LUT2_L                      : 1
#      LUT3                        : 112
#      LUT3_D                      : 8
#      LUT3_L                      : 2
#      LUT4                        : 119
#      LUT4_D                      : 7
#      LUT4_L                      : 10
#      MUXCY                       : 29
#      MUXF5                       : 58
#      MUXF6                       : 16
#      VCC                         : 1
#      XORCY                       : 24
# FlipFlops/Latches                : 66
#      FDCE                        : 66
# Clock Buffers                    : 1
#      BUFGP                       : 1
# IO Buffers                       : 29
#      IBUF                        : 1
#      OBUF                        : 28
=========================================================================

Device utilization summary:
---------------------------

Selected Device : 3s100ecp132-4 

 Number of Slices:                      144  out of    960    15%  
 Number of Slice Flip Flops:             66  out of   1920     3%  
 Number of 4 input LUTs:                274  out of   1920    14%  
 Number of IOs:                          30
 Number of bonded IOBs:                  30  out of     83    36%  
 Number of GCLKs:                         1  out of     24     4%  

---------------------------
Partition Resource Summary:
---------------------------

  No Partitions were found in this design.

---------------------------


=========================================================================
TIMING REPORT

NOTE: THESE TIMING NUMBERS ARE ONLY A SYNTHESIS ESTIMATE.
      FOR ACCURATE TIMING INFORMATION PLEASE REFER TO THE TRACE REPORT
      GENERATED AFTER PLACE-and-ROUTE.

Clock Information:
------------------
-----------------------------------+------------------------+-------+
Clock Signal                       | Clock buffer(FF name)  | Load  |
-----------------------------------+------------------------+-------+
clk                                | BUFGP                  | 66    |
-----------------------------------+------------------------+-------+

Asynchronous Control Signals Information:
----------------------------------------
-----------------------------------+------------------------+-------+
Control Signal                     | Buffer(FF name)        | Load  |
-----------------------------------+------------------------+-------+
rst                                | IBUF                   | 66    |
-----------------------------------+------------------------+-------+

Timing Summary:
---------------
Speed Grade: -4

   Minimum period: 17.795ns (Maximum Frequency: 56.195MHz)
   Minimum input arrival time before clock: No path found
   Maximum output required time after clock: 19.574ns
   Maximum combinational path delay: No path found

Timing Detail:
--------------
All values displayed in nanoseconds (ns)

=========================================================================
Timing constraint: Default period analysis for Clock 'clk'
  Clock period: 17.795ns (frequency: 56.195MHz)
  Total number of paths / destination ports: 913257 / 132
-------------------------------------------------------------------------
Delay:               17.795ns (Levels of Logic = 27)
  Source:            PC_inst/PC_reg_2 (FF)
  Destination:       PC_inst/PC_reg_7 (FF)
  Source Clock:      clk rising
  Destination Clock: clk rising

  Data Path: PC_inst/PC_reg_2 to PC_inst/PC_reg_7
                                Gate     Net
    Cell:in->out      fanout   Delay   Delay  Logical Name (Net Name)
    ----------------------------------------  ------------
     FDCE:C->Q            26   0.591   1.264  PC_inst/PC_reg_2 (PC_inst/PC_reg_2)
     LUT4_L:I3->LO         1   0.704   0.104  Instructions_ROM_inst/Mrom_data_out201 (Instructions_ROM_inst/Mrom_data_out20)
     LUT4:I3->O           11   0.704   1.012  Instructions_ROM_inst/Mrom_data_out201_3 (Instructions_ROM_inst/Mrom_data_out201_3)
     LUT3:I1->O           12   0.704   0.996  Instructions_ROM_inst/Mrom_data_out201_2_f51 (instruction_in<6>)
     LUT3:I2->O            1   0.704   0.000  Registers_inst/mux9_4 (Registers_inst/mux9_4)
     MUXF5:I1->O           1   0.321   0.000  Registers_inst/mux9_3_f5 (Registers_inst/mux9_3_f5)
     MUXF6:I1->O          10   0.521   0.961  Registers_inst/mux9_2_f6 (Rs1_data_out<1>)
     LUT2:I1->O            1   0.704   0.000  Controller_inst/Mcompar_new_PC_cmp_lt0000_lut<1> (Controller_inst/Mcompar_new_PC_cmp_lt0000_lut<1>)
     MUXCY:S->O            1   0.464   0.000  Controller_inst/Mcompar_new_PC_cmp_lt0000_cy<1> (Controller_inst/Mcompar_new_PC_cmp_lt0000_cy<1>)
     MUXCY:CI->O           1   0.059   0.000  Controller_inst/Mcompar_new_PC_cmp_lt0000_cy<2> (Controller_inst/Mcompar_new_PC_cmp_lt0000_cy<2>)
     MUXCY:CI->O           1   0.059   0.000  Controller_inst/Mcompar_new_PC_cmp_lt0000_cy<3> (Controller_inst/Mcompar_new_PC_cmp_lt0000_cy<3>)
     MUXCY:CI->O           1   0.059   0.000  Controller_inst/Mcompar_new_PC_cmp_lt0000_cy<4> (Controller_inst/Mcompar_new_PC_cmp_lt0000_cy<4>)
     MUXCY:CI->O           1   0.059   0.000  Controller_inst/Mcompar_new_PC_cmp_lt0000_cy<5> (Controller_inst/Mcompar_new_PC_cmp_lt0000_cy<5>)
     MUXCY:CI->O           1   0.059   0.000  Controller_inst/Mcompar_new_PC_cmp_lt0000_cy<6> (Controller_inst/Mcompar_new_PC_cmp_lt0000_cy<6>)
     MUXCY:CI->O           1   0.459   0.499  Controller_inst/Mcompar_new_PC_cmp_lt0000_cy<7> (Controller_inst/Mcompar_new_PC_cmp_lt0000_cy<7>)
     LUT4:I1->O            1   0.704   0.000  Controller_inst/new_PC_or0000_F (N106)
     MUXF5:I0->O           8   0.321   0.792  Controller_inst/new_PC_or0000 (Controller_inst/new_PC_or0000)
     LUT3:I2->O            1   0.704   0.000  Controller_inst/Madd_new_PC_lut<0> (Controller_inst/Madd_new_PC_lut<0>)
     MUXCY:S->O            1   0.464   0.000  Controller_inst/Madd_new_PC_cy<0> (Controller_inst/Madd_new_PC_cy<0>)
     MUXCY:CI->O           1   0.059   0.000  Controller_inst/Madd_new_PC_cy<1> (Controller_inst/Madd_new_PC_cy<1>)
     MUXCY:CI->O           1   0.059   0.000  Controller_inst/Madd_new_PC_cy<2> (Controller_inst/Madd_new_PC_cy<2>)
     MUXCY:CI->O           1   0.059   0.000  Controller_inst/Madd_new_PC_cy<3> (Controller_inst/Madd_new_PC_cy<3>)
     MUXCY:CI->O           1   0.059   0.000  Controller_inst/Madd_new_PC_cy<4> (Controller_inst/Madd_new_PC_cy<4>)
     MUXCY:CI->O           1   0.059   0.000  Controller_inst/Madd_new_PC_cy<5> (Controller_inst/Madd_new_PC_cy<5>)
     XORCY:CI->O           1   0.804   0.424  Controller_inst/Madd_new_PC_xor<6> (PC_in<6>)
     LUT4:I3->O            1   0.704   0.000  PC_inst/Mcount_PC_reg_lut<6> (PC_inst/Mcount_PC_reg_lut<6>)
     MUXCY:S->O            0   0.464   0.000  PC_inst/Mcount_PC_reg_cy<6> (PC_inst/Mcount_PC_reg_cy<6>)
     XORCY:CI->O           1   0.804   0.000  PC_inst/Mcount_PC_reg_xor<7> (PC_inst/Mcount_PC_reg7)
     FDCE:D                    0.308          PC_inst/PC_reg_7
    ----------------------------------------
    Total                     17.795ns (11.743ns logic, 6.052ns route)
                                       (66.0% logic, 34.0% route)

=========================================================================
Timing constraint: Default OFFSET OUT AFTER for Clock 'clk'
  Total number of paths / destination ports: 50775 / 28
-------------------------------------------------------------------------
Offset:              19.574ns (Levels of Logic = 13)
  Source:            PC_inst/PC_reg_5 (FF)
  Destination:       result<7> (PAD)
  Source Clock:      clk rising

  Data Path: PC_inst/PC_reg_5 to result<7>
                                Gate     Net
    Cell:in->out      fanout   Delay   Delay  Logical Name (Net Name)
    ----------------------------------------  ------------
     FDCE:C->Q            23   0.591   1.377  PC_inst/PC_reg_5 (PC_inst/PC_reg_5)
     LUT2_L:I0->LO         1   0.704   0.104  Decoder_inst/immediate_out<0>11_SW0 (N17)
     LUT4:I3->O           10   0.704   0.886  Decoder_inst/immediate_out<0>11 (N7)
     LUT4:I3->O           37   0.704   1.439  Instructions_ROM_inst/Mrom_data_out42111 (instruction_in<14>)
     LUT3:I0->O            1   0.704   0.000  Decoder_inst/immediate_out<0>1_F (N104)
     MUXF5:I0->O           3   0.321   0.535  Decoder_inst/immediate_out<0>1 (N0)
     LUT4_D:I3->LO         1   0.704   0.135  Decoder_inst/immediate_out<1>1 (N126)
     LUT3:I2->O           26   0.704   1.295  Controller_inst/operand_2<1>1 (operand_2_1_OBUF)
     LUT3_D:I2->O          1   0.704   0.455  ALU_inst/opcode<1>1351 (ALU_inst/opcode<1>13_bdd7)
     LUT3:I2->O            2   0.704   0.451  ALU_inst/opcode<1>1531 (ALU_inst/opcode<1>15_bdd1)
     LUT4:I3->O            1   0.704   0.595  ALU_inst/opcode<1>151181 (ALU_inst/opcode<1>151181)
     LUT4:I0->O            1   0.704   0.000  ALU_inst/result<7>_inv1_G (N91)
     MUXF5:I1->O           8   0.321   0.757  ALU_inst/result<7>_inv1 (result_7_OBUF)
     OBUF:I->O                 3.272          result_7_OBUF (result<7>)
    ----------------------------------------
    Total                     19.574ns (11.545ns logic, 8.029ns route)
                                       (59.0% logic, 41.0% route)

=========================================================================


Total REAL time to Xst completion: 9.00 secs
Total CPU time to Xst completion: 8.95 secs
 
--> 

Total memory usage is 385920 kilobytes

Number of errors   :    0 (   0 filtered)
Number of warnings :    0 (   0 filtered)
Number of infos    :  262 (   0 filtered)

